MPASM 03.60 Released                  TRES_RAMIFICACIONES.ASM   7-17-2007  21:18:37         PAGE  1


LOC  OBJECT CODE     LINE SOURCE TEXT
  VALUE

                      00001 ;***************************************************************
                      00002         ; PROGRAMA PRUEBA UN COMPARADOR INDEPENDIENTE
                      00003         ;title  "PIC Sample code: PIC16F88 program"
                      00004         ;subtitle       "CARLOS SANTIAGO CRUZ - "
                      00005 ;       codigo para el 16f88 a 4 MHz, RELOJ INTERNO RC
                      00006 ;***************************************************************
                      00007                                 list    p=16F88
                      00008                                 #include        <p16F88.inc>
                      00001         LIST
                      00002 ; P16F88.INC  Standard Header File, Version 1.00    Microchip Technology, Inc.
                      00401         LIST
                      00009 ;***************************************************************                                ; RECORD
                            ATORIO DE EN DONDE SE ENCUENGRAN ALGUNOS REGISTROS 
                      00010 BANCO0          MACRO                                                                                   
                            ;       ADRESH  1Eh             banco 0
                      00011                         BCF     STATUS,RP0                                                              
                            ;       ADRESL  9Eh             banco 1
                      00012                         BCF     STATUS,RP1                                                              
                            ;       ANSEL           9Bh             banco 1
                      00013                         ENDM                                                                            
                                    ;       ADCON0  1Fh             banco 0
                      00014 BANCO1          MACRO                                                                                   
                            ;       ADCON1  9Fh             banco 1
                      00015                         BSF     STATUS,RP0      
                      00016                         BCF     STATUS,RP1 
                      00017                         ENDM
                      00018 BANCO2          MACRO
                      00019                         BCF     STATUS,RP0      
                      00020                         BSF     STATUS,RP1 
                      00021                         ENDM
                      00022 BANCO3          MACRO
                      00023                         BSF     STATUS,RP0      
                      00024                         BSF     STATUS,RP1 
                      00025                         ENDM
                      00026 ;****************************************************************
  00000029            00027 STATUS_TEMP     equ 29h
  0000002A            00028 PCLATH_TEMP     equ 2Ah
  0000002B            00029 W_TEMP          equ     2Bh
                      00030 ;***************************************************************
                      00031 ;#######################################################################################################
                            ############################
0000                  00032                                                         ORG             0x0000
0000   2805           00033                                                         GOTO            INICIO
0004                  00034                                                         ORG             0x04
0004   280E           00035                                                         GOTO            SP_INTERRUPT
0005                  00036                                                         ORG             0x05
                      00037 ;#######################################################################################################
                            ############################
0005                  00038 INICIO  
                      00039                                                                                 ;Uno de estos posibles v
                            alores llevarlos a W y en una parte del programa tratarlos así:
0005   0805           00040                                 MOVF            PORTA,0
                      00041                         
MPASM 03.60 Released                  TRES_RAMIFICACIONES.ASM   7-17-2007  21:18:37         PAGE  2


LOC  OBJECT CODE     LINE SOURCE TEXT
  VALUE

                      00042 
0006   3002           00043                                 MOVLW           H'02'
0007                  00044 DECISION:                                                               ; SITIO EN DONDE LA PREGUNTA "?"
                             TENDRÍA SOLUCIÓN
0007   0782           00045                                 ADDWF   PCL,1           ; carga 
0008   280B           00046                                 GOTO            ACCION1
0009   280C           00047                                 GOTO            ACCION2
000A   280D           00048                                 GOTO            ACCION3
                      00049 
000B                  00050 ACCION1
                      00051                                                                                 ; INSTRUCCIONES CORRESPO
                            NDIENTES A LA ACCIÓN 1
                      00052 
000B   280D           00053                                 GOTO            SIGUEPROG
000C                  00054 ACCION2
                      00055                                                                                 ; INSTRUCCIONES CORRESPO
                            NDIENTES A LA ACCIÓN 2
                      00056 
000C   280D           00057                                 GOTO            SIGUEPROG
000D                  00058 ACCION3
                      00059                                                                                 ; INSTRUCCIONES CORRESPO
                            NDIENTES A LA ACCIÓN 3
000D                  00060 SIGUEPROG                                                       ; SITIO DE ENCUENTRO LUEGO DE UNA DE LAS
                             ACCIONES
                      00061                                                                                 ; CONTINUACIÓN DEL PROGR
                            AMA
000D   2805           00062                                 GOTO            INICIO
                      00063 ;#######################################################################################################
                            #############
                      00064 ;{{{{{{{{{{{{{{{{{{{{{{{{{{{{{{{{{{{{{{{{{{{{{{{{{{{{{{{{{{{{{{{{{{{{{{{{{{{{{{{{{{  SUBRUTINA DE INTERR
                            UPCION }}}}}}}}}}}}}}}}}}}}}}}}}}}}}}}}}}}}}}}}}}}}}}}}}}}}}}}}}}}}}}}}}}}}}}}}}}}}}}}}}}}}}}}}}
000E   00AB           00065 SP_INTERRUPT    MOVWF   W_TEMP          ;Copy W to TEMP register                                        
                                                    ;codigo propuesto por hoja de especificaciones
000F   0E03           00066                                 SWAPF           STATUS,W                ;Swap status to be saved into W 
                                                                            ;codigo propuesto por hoja de especificaciones
0010   0183           00067                                 CLRF            STATUS          ;bank 0, regardless of current bank, Cle
                            ars IRP,RP1,RP0 ;codigo propuesto por hoja de especificaciones
0011   00A9           00068                                 MOVWF   STATUS_TEMP     ;Save status to bank zero STATUS_TEMP register  
                                            ;codigo propuesto por hoja de especificaciones
0012   080A           00069                                 MOVF            PCLATH, W               ;Only required if using page 1  
                                                                            ;codigo propuesto por hoja de especificaciones
0013   00AA           00070                                 MOVWF   PCLATH_TEMP     ;Save PCLATH into W                             
                                                                    ;codigo propuesto por hoja de especificaciones
0014   018A           00071                                 CLRF            PCLATH          ;Page zero, regardless of current page  
                                                            ;codigo propuesto por hoja de especificaciones
                      00072 
                      00073                                 ; ============ 
                      00074                                 ;               
                      00075                                 ; ========== recuperacion de reg import =============
                      00076                 
0015   082A           00077                                 MOVF            PCLATH_TEMP,W           ;Restore PCLATH                 
                                                    ;codigo propuesto por hoja de especificaciones
0016   008A           00078                                 MOVWF   PCLATH                          ;Move W into PCLATH             
MPASM 03.60 Released                  TRES_RAMIFICACIONES.ASM   7-17-2007  21:18:37         PAGE  3


LOC  OBJECT CODE     LINE SOURCE TEXT
  VALUE

                                                    ;codigo propuesto por hoja de especificaciones
0017   0E29           00079                                 SWAPF           STATUS_TEMP,W           ;Swap STATUS_TEMP register into 
                            W       ;codigo propuesto por hoja de especificaciones
                      00080                                                                                                         
                            ;(sets bank to original state)                                  ;codigo propuesto por hoja de es
0018   0083           00081                                 MOVWF   STATUS                          ;Move W into STATUS register    
                                            ;codigo propuesto por hoja de especificaciones
0019   0EAB           00082                                 SWAPF           W_TEMP,F                                ;Swap W_TEMP    
                                                                    ;codigo propuesto por hoja de especificaciones
001A   0E2B           00083                                 SWAPF           W_TEMP,W                                ;Swap W_TEMP int
                            o W                             ;codigo propuesto por hoja de especificaciones
                      00084 
001B   0009           00085                                 RETFIE                                                          ;regresa
                             de la interrupcion
                      00086 ;}}}}}}}}}}}}}}}}}}}}}}}}}}}}}}}}}}}}}}}}}}}}}}}}}}}}}}}}}}}}}}}}}}}}}}}}}} TERMINA SUBRUTINA DE INTERRU
                            PCION }}}}}}}}}}}}}}}}}}}}}}}}}}}}}}}}}}}}}}}}}}}}}}}}}}}}}}}}}}}}}}}}}}}}}}}}}}}}}}}}}}}}}}}}}}
                      00087 
                      00088 ;################################ PARA QUE NO SE PIERDA AQUI ESTA EL FINAL DEL PROGRAMA ################
                            ################################################################################################
                      00089                                                 END
MPASM 03.60 Released                  TRES_RAMIFICACIONES.ASM   7-17-2007  21:18:37         PAGE  4


SYMBOL TABLE
  LABEL                             VALUE 

ACCION1                           0000000B
ACCION2                           0000000C
ACCION3                           0000000D
ADCON0                            0000001F
ADCON1                            0000009F
ADCS0                             00000006
ADCS1                             00000007
ADCS2                             00000006
ADDEN                             00000003
ADFM                              00000007
ADIE                              00000006
ADIF                              00000006
ADON                              00000000
ADRESH                            0000001E
ADRESL                            0000009E
ANSEL                             0000009B
BANCO0                            
BANCO1                            
BANCO2                            
BANCO3                            
BF                                00000000
BRGH                              00000002
C                                 00000000
C1INV                             00000004
C1OUT                             00000006
C2INV                             00000005
C2OUT                             00000007
CCP1CON                           00000017
CCP1IE                            00000002
CCP1IF                            00000002
CCP1M0                            00000000
CCP1M1                            00000001
CCP1M2                            00000002
CCP1M3                            00000003
CCP1X                             00000005
CCP1Y                             00000004
CCPR1H                            00000016
CCPR1L                            00000015
CHS0                              00000003
CHS1                              00000004
CHS2                              00000005
CIS                               00000003
CKE                               00000006
CKP                               00000004
CM0                               00000000
CM1                               00000001
CM2                               00000002
CMCON                             0000009C
CMIE                              00000006
CMIF                              00000006
CREN                              00000004
CSRC                              00000007
CVR0                              00000000
MPASM 03.60 Released                  TRES_RAMIFICACIONES.ASM   7-17-2007  21:18:37         PAGE  5


SYMBOL TABLE
  LABEL                             VALUE 

CVR1                              00000001
CVR2                              00000002
CVR3                              00000003
CVRCON                            0000009D
CVREN                             00000007
CVROE                             00000006
CVRR                              00000005
D                                 00000005
DATA_ADDRESS                      00000005
DC                                00000001
DECISION                          00000007
D_A                               00000005
EEADR                             0000010D
EEADRH                            0000010F
EECON1                            0000018C
EECON2                            0000018D
EEDATA                            0000010C
EEDATH                            0000010E
EEIE                              00000004
EEIF                              00000004
EEPGD                             00000007
F                                 00000001
FERR                              00000002
FREE                              00000004
FSR                               00000004
GIE                               00000007
GO                                00000002
GO_DONE                           00000002
I2C_DATA                          00000005
I2C_READ                          00000002
I2C_START                         00000003
I2C_STOP                          00000004
INDF                              00000000
INICIO                            00000005
INTCON                            0000000B
INTE                              00000004
INTEDG                            00000006
INTF                              00000001
IOFS                              00000002
IRCF0                             00000004
IRCF1                             00000005
IRCF2                             00000006
IRP                               00000007
NOT_A                             00000005
NOT_ADDRESS                       00000005
NOT_BO                            00000000
NOT_BOR                           00000000
NOT_DONE                          00000002
NOT_PD                            00000003
NOT_POR                           00000001
NOT_RBPU                          00000007
NOT_RC8                           00000006
NOT_T1SYNC                        00000002
MPASM 03.60 Released                  TRES_RAMIFICACIONES.ASM   7-17-2007  21:18:37         PAGE  6


SYMBOL TABLE
  LABEL                             VALUE 

NOT_TO                            00000004
NOT_TX8                           00000006
NOT_W                             00000002
NOT_WRITE                         00000002
OERR                              00000001
OPTION_REG                        00000081
OSCCON                            0000008F
OSCTUNE                           00000090
OSFIE                             00000007
OSFIF                             00000007
OSTS                              00000003
P                                 00000004
PCL                               00000002
PCLATH                            0000000A
PCLATH_TEMP                       0000002A
PCON                              0000008E
PEIE                              00000006
PIE1                              0000008C
PIE2                              0000008D
PIR1                              0000000C
PIR2                              0000000D
PORTA                             00000005
PORTB                             00000006
PR2                               00000092
PS0                               00000000
PS1                               00000001
PS2                               00000002
PSA                               00000003
R                                 00000002
RBIE                              00000003
RBIF                              00000000
RC8_9                             00000006
RC9                               00000006
RCD8                              00000000
RCIE                              00000005
RCIF                              00000005
RCREG                             0000001A
RCSTA                             00000018
RD                                00000000
READ_WRITE                        00000002
RP0                               00000005
RP1                               00000006
RX9                               00000006
RX9D                              00000000
R_W                               00000002
S                                 00000003
SCS0                              00000000
SCS1                              00000001
SIGUEPROG                         0000000D
SMP                               00000007
SPBRG                             00000099
SPEN                              00000007
SP_INTERRUPT                      0000000E
MPASM 03.60 Released                  TRES_RAMIFICACIONES.ASM   7-17-2007  21:18:37         PAGE  7


SYMBOL TABLE
  LABEL                             VALUE 

SREN                              00000005
SSPADD                            00000093
SSPBUF                            00000013
SSPCON                            00000014
SSPEN                             00000005
SSPIE                             00000003
SSPIF                             00000003
SSPM0                             00000000
SSPM1                             00000001
SSPM2                             00000002
SSPM3                             00000003
SSPOV                             00000006
SSPSTAT                           00000094
STATUS                            00000003
STATUS_TEMP                       00000029
SWDTE                             00000000
SWDTEN                            00000000
SYNC                              00000004
T0CS                              00000005
T0IE                              00000005
T0IF                              00000002
T0SE                              00000004
T1CKPS0                           00000004
T1CKPS1                           00000005
T1CON                             00000010
T1INSYNC                          00000002
T1OSCEN                           00000003
T1RUN                             00000006
T2CKPS0                           00000000
T2CKPS1                           00000001
T2CON                             00000012
TMR0                              00000001
TMR0IE                            00000005
TMR0IF                            00000002
TMR1CS                            00000001
TMR1H                             0000000F
TMR1IE                            00000000
TMR1IF                            00000000
TMR1L                             0000000E
TMR1ON                            00000000
TMR2                              00000011
TMR2IE                            00000001
TMR2IF                            00000001
TMR2ON                            00000002
TOUTPS0                           00000003
TOUTPS1                           00000004
TOUTPS2                           00000005
TOUTPS3                           00000006
TRISA                             00000085
TRISB                             00000086
TRMT                              00000001
TUN0                              00000000
TUN1                              00000001
MPASM 03.60 Released                  TRES_RAMIFICACIONES.ASM   7-17-2007  21:18:37         PAGE  8


SYMBOL TABLE
  LABEL                             VALUE 

TUN2                              00000002
TUN3                              00000003
TUN4                              00000004
TUN5                              00000005
TX8_9                             00000006
TX9                               00000006
TX9D                              00000000
TXD8                              00000000
TXEN                              00000005
TXIE                              00000004
TXIF                              00000004
TXREG                             00000019
TXSTA                             00000098
UA                                00000001
VCFG0                             00000004
VCFG1                             00000005
W                                 00000000
WCOL                              00000007
WDTCON                            00000105
WDTPS0                            00000001
WDTPS1                            00000002
WDTPS2                            00000003
WDTPS3                            00000004
WR                                00000001
WREN                              00000002
WRERR                             00000003
W_TEMP                            0000002B
Z                                 00000002
_BODEN_OFF                        00003FBF
_BODEN_ON                         00003FFF
_CCP1_RB0                         00003FFF
_CCP1_RB3                         00002FFF
_CONFIG1                          00002007
_CONFIG2                          00002008
_CPD_OFF                          00003FFF
_CPD_ON                           00003EFF
_CP_ALL                           00001FFF
_CP_OFF                           00003FFF
_DEBUG_OFF                        00003FFF
_DEBUG_ON                         000037FF
_EXTCLK                           00003FEF
_EXTRC_CLKOUT                     00003FFF
_EXTRC_IO                         00003FFE
_FCMEN_OFF                        00003FFE
_FCMEN_ON                         00003FFF
_HS_OSC                           00003FEE
_IESO_OFF                         00003FFD
_IESO_ON                          00003FFF
_INTRC_CLKOUT                     00003FFD
_INTRC_IO                         00003FFC
_LP_OSC                           00003FEC
_LVP_OFF                          00003F7F
_LVP_ON                           00003FFF
MPASM 03.60 Released                  TRES_RAMIFICACIONES.ASM   7-17-2007  21:18:37         PAGE  9


SYMBOL TABLE
  LABEL                             VALUE 

_MCLR_OFF                         00003FDF
_MCLR_ON                          00003FFF
_PWRTE_OFF                        00003FFF
_PWRTE_ON                         00003FF7
_WDT_OFF                          00003FFB
_WDT_ON                           00003FFF
_WRT_ENABLE_1024                  00003BFF
_WRT_ENABLE_512                   00003DFF
_WRT_ENABLE_OFF                   00003FFF
_XT_OSC                           00003FED
__16F88                           00000001


MEMORY USAGE MAP ('X' = Used,  '-' = Unused)

0000 : X---XXXXXXXXXXXX XXXXXXXXXXXX---- ---------------- ----------------

All other memory blocks unused.

Program Memory Words Used:    25
Program Memory Words Free:  4071


Errors   :     0
Warnings :     0 reported,     0 suppressed
Messages :     0 reported,     0 suppressed

